0 verbose cli /usr/local/bin/node /usr/local/bin/npm
1 info using npm@10.8.2
2 info using node@v20.20.0
3 silly config load:file:/usr/local/lib/node_modules/npm/npmrc
4 silly config load:file:/data/.npmrc
5 silly config load:file:/usr/src/node-red/.npmrc
6 silly config load:file:/usr/local/etc/npmrc
7 verbose title npm install node-red-node-mysql@3.0.0
8 verbose argv "install" "--no-audit" "--no-update-notifier" "--no-fund" "--save" "--save-prefix" "~" "--omit" "dev" "--engine-strict" "node-red-node-mysql@3.0.0"
9 verbose logfile logs-max:10 dir:/data/.npm/_logs/2026-03-17T20_01_54_907Z-
10 verbose logfile /data/.npm/_logs/2026-03-17T20_01_54_907Z-debug-0.log
11 silly packumentCache heap:4345298944 maxSize:1086324736 maxEntrySize:543162368
12 silly logfile done cleaning log files
13 silly idealTree buildDeps
14 silly fetch manifest node-red-node-mysql@3.0.0
15 silly packumentCache full:https://registry.npmjs.org/node-red-node-mysql cache-miss
16 http fetch GET 200 https://registry.npmjs.org/node-red-node-mysql 560ms (cache miss)
17 silly packumentCache full:https://registry.npmjs.org/node-red-node-mysql set size:undefined disposed:false
18 silly placeDep ROOT node-red-node-mysql@3.0.0 OK for: node-red-project@0.0.1 want: 3.0.0
19 silly fetch manifest mysql2@^3.16.0
20 silly packumentCache full:https://registry.npmjs.org/mysql2 cache-miss
21 http fetch GET 200 https://registry.npmjs.org/mysql2 146ms (cache miss)
22 silly packumentCache full:https://registry.npmjs.org/mysql2 set size:undefined disposed:false
23 silly fetch manifest @types/node@>= 8
24 silly packumentCache full:https://registry.npmjs.org/@types%2fnode cache-miss
25 http fetch GET 200 https://registry.npmjs.org/@types%2fnode 588ms (cache miss)
26 silly packumentCache full:https://registry.npmjs.org/@types%2fnode set size:undefined disposed:false
27 silly placeDep ROOT mysql2@3.20.0 OK for: node-red-node-mysql@3.0.0 want: ^3.16.0
28 silly placeDep ROOT @types/node@25.5.0 OK for: mysql2@3.20.0 want: >= 8
29 silly fetch manifest aws-ssl-profiles@^1.1.2
30 silly packumentCache full:https://registry.npmjs.org/aws-ssl-profiles cache-miss
31 silly fetch manifest denque@^2.1.0
32 silly packumentCache full:https://registry.npmjs.org/denque cache-miss
33 silly fetch manifest generate-function@^2.3.1
34 silly packumentCache full:https://registry.npmjs.org/generate-function cache-miss
35 silly fetch manifest iconv-lite@^0.7.2
36 silly packumentCache full:https://registry.npmjs.org/iconv-lite cache-miss
37 silly fetch manifest long@^5.3.2
38 silly packumentCache full:https://registry.npmjs.org/long cache-miss
39 silly fetch manifest lru.min@^1.1.4
40 silly packumentCache full:https://registry.npmjs.org/lru.min cache-miss
41 silly fetch manifest named-placeholders@^1.1.6
42 silly packumentCache full:https://registry.npmjs.org/named-placeholders cache-miss
43 http fetch GET 200 https://registry.npmjs.org/denque 304ms (cache miss)
44 silly packumentCache full:https://registry.npmjs.org/denque set size:undefined disposed:false
45 silly fetch manifest sql-escaper@^1.3.3
46 silly packumentCache full:https://registry.npmjs.org/sql-escaper cache-miss
47 http fetch GET 200 https://registry.npmjs.org/aws-ssl-profiles 360ms (cache miss)
48 silly packumentCache full:https://registry.npmjs.org/aws-ssl-profiles set size:undefined disposed:false
49 silly fetch manifest undici-types@~7.18.0
50 silly packumentCache full:https://registry.npmjs.org/undici-types cache-miss
51 http fetch GET 200 https://registry.npmjs.org/generate-function 391ms (cache miss)
52 silly packumentCache full:https://registry.npmjs.org/generate-function set size:undefined disposed:false
53 http fetch GET 200 https://registry.npmjs.org/lru.min 390ms (cache miss)
54 silly packumentCache full:https://registry.npmjs.org/lru.min set size:undefined disposed:false
55 http fetch GET 200 https://registry.npmjs.org/named-placeholders 395ms (cache miss)
56 silly packumentCache full:https://registry.npmjs.org/named-placeholders set size:undefined disposed:false
57 http fetch GET 200 https://registry.npmjs.org/long 403ms (cache miss)
58 silly packumentCache full:https://registry.npmjs.org/long set size:undefined disposed:false
59 http fetch GET 200 https://registry.npmjs.org/iconv-lite 416ms (cache miss)
60 silly packumentCache full:https://registry.npmjs.org/iconv-lite set size:undefined disposed:false
61 http fetch GET 200 https://registry.npmjs.org/sql-escaper 141ms (cache miss)
62 silly packumentCache full:https://registry.npmjs.org/sql-escaper set size:undefined disposed:false
63 http fetch GET 200 https://registry.npmjs.org/undici-types 92ms (cache miss)
64 silly packumentCache full:https://registry.npmjs.org/undici-types set size:undefined disposed:false
65 silly placeDep ROOT undici-types@7.18.2 OK for: @types/node@25.5.0 want: ~7.18.0
66 silly placeDep ROOT aws-ssl-profiles@1.1.2 OK for: mysql2@3.20.0 want: ^1.1.2
67 silly placeDep ROOT denque@2.1.0 OK for: mysql2@3.20.0 want: ^2.1.0
68 silly placeDep ROOT generate-function@2.3.1 OK for: mysql2@3.20.0 want: ^2.3.1
69 silly placeDep ROOT iconv-lite@0.7.2 OK for: mysql2@3.20.0 want: ^0.7.2
70 silly placeDep ROOT long@5.3.2 OK for: mysql2@3.20.0 want: ^5.3.2
71 silly placeDep ROOT lru.min@1.1.4 OK for: mysql2@3.20.0 want: ^1.1.4
72 silly placeDep ROOT named-placeholders@1.1.6 OK for: mysql2@3.20.0 want: ^1.1.6
73 silly placeDep ROOT sql-escaper@1.3.3 OK for: mysql2@3.20.0 want: ^1.3.3
74 silly fetch manifest is-property@^1.0.2
75 silly packumentCache full:https://registry.npmjs.org/is-property cache-miss
76 silly fetch manifest safer-buffer@>= 2.1.2 < 3.0.0
77 silly packumentCache full:https://registry.npmjs.org/safer-buffer cache-miss
78 http fetch GET 200 https://registry.npmjs.org/is-property 94ms (cache miss)
79 silly packumentCache full:https://registry.npmjs.org/is-property set size:undefined disposed:false
80 http fetch GET 200 https://registry.npmjs.org/safer-buffer 97ms (cache miss)
81 silly packumentCache full:https://registry.npmjs.org/safer-buffer set size:undefined disposed:false
82 silly placeDep ROOT is-property@1.0.2 OK for: generate-function@2.3.1 want: ^1.0.2
83 silly placeDep ROOT safer-buffer@2.1.2 OK for: iconv-lite@0.7.2 want: >= 2.1.2 < 3.0.0
84 silly reify moves {}
85 silly tarball no local data for safer-buffer@https://registry.npmjs.org/safer-buffer/-/safer-buffer-2.1.2.tgz. Extracting by manifest.
86 silly tarball no local data for is-property@https://registry.npmjs.org/is-property/-/is-property-1.0.2.tgz. Extracting by manifest.
87 silly tarball no local data for sql-escaper@https://registry.npmjs.org/sql-escaper/-/sql-escaper-1.3.3.tgz. Extracting by manifest.
88 silly tarball no local data for named-placeholders@https://registry.npmjs.org/named-placeholders/-/named-placeholders-1.1.6.tgz. Extracting by manifest.
89 silly tarball no local data for lru.min@https://registry.npmjs.org/lru.min/-/lru.min-1.1.4.tgz. Extracting by manifest.
90 silly tarball no local data for long@https://registry.npmjs.org/long/-/long-5.3.2.tgz. Extracting by manifest.
91 silly tarball no local data for iconv-lite@https://registry.npmjs.org/iconv-lite/-/iconv-lite-0.7.2.tgz. Extracting by manifest.
92 silly tarball no local data for generate-function@https://registry.npmjs.org/generate-function/-/generate-function-2.3.1.tgz. Extracting by manifest.
93 silly tarball no local data for denque@https://registry.npmjs.org/denque/-/denque-2.1.0.tgz. Extracting by manifest.
94 silly tarball no local data for aws-ssl-profiles@https://registry.npmjs.org/aws-ssl-profiles/-/aws-ssl-profiles-1.1.2.tgz. Extracting by manifest.
95 silly tarball no local data for undici-types@https://registry.npmjs.org/undici-types/-/undici-types-7.18.2.tgz. Extracting by manifest.
96 silly tarball no local data for @types/node@https://registry.npmjs.org/@types/node/-/node-25.5.0.tgz. Extracting by manifest.
97 silly tarball no local data for mysql2@https://registry.npmjs.org/mysql2/-/mysql2-3.20.0.tgz. Extracting by manifest.
98 silly tarball no local data for node-red-node-mysql@https://registry.npmjs.org/node-red-node-mysql/-/node-red-node-mysql-3.0.0.tgz. Extracting by manifest.
99 http fetch GET 200 https://registry.npmjs.org/is-property/-/is-property-1.0.2.tgz 446ms (cache miss)
100 http fetch GET 200 https://registry.npmjs.org/lru.min/-/lru.min-1.1.4.tgz 448ms (cache miss)
101 http fetch GET 200 https://registry.npmjs.org/named-placeholders/-/named-placeholders-1.1.6.tgz 457ms (cache miss)
102 http fetch GET 200 https://registry.npmjs.org/safer-buffer/-/safer-buffer-2.1.2.tgz 492ms (cache miss)
103 http fetch GET 200 https://registry.npmjs.org/sql-escaper/-/sql-escaper-1.3.3.tgz 501ms (cache miss)
104 http fetch GET 200 https://registry.npmjs.org/long/-/long-5.3.2.tgz 510ms (cache miss)
105 http fetch GET 200 https://registry.npmjs.org/generate-function/-/generate-function-2.3.1.tgz 505ms (cache miss)
106 http fetch GET 200 https://registry.npmjs.org/denque/-/denque-2.1.0.tgz 509ms (cache miss)
107 http fetch GET 200 https://registry.npmjs.org/aws-ssl-profiles/-/aws-ssl-profiles-1.1.2.tgz 695ms (cache miss)
108 http fetch GET 200 https://registry.npmjs.org/node-red-node-mysql/-/node-red-node-mysql-3.0.0.tgz 691ms (cache miss)
109 http fetch GET 200 https://registry.npmjs.org/iconv-lite/-/iconv-lite-0.7.2.tgz 747ms (cache miss)
110 http fetch GET 200 https://registry.npmjs.org/undici-types/-/undici-types-7.18.2.tgz 832ms (cache miss)
111 http fetch GET 200 https://registry.npmjs.org/mysql2/-/mysql2-3.20.0.tgz 970ms (cache miss)
112 http fetch GET 200 https://registry.npmjs.org/@types/node/-/node-25.5.0.tgz 1011ms (cache miss)
113 silly ADD node_modules/safer-buffer
114 silly ADD node_modules/is-property
115 silly ADD node_modules/sql-escaper
116 silly ADD node_modules/named-placeholders
117 silly ADD node_modules/lru.min
118 silly ADD node_modules/long
119 silly ADD node_modules/iconv-lite
120 silly ADD node_modules/generate-function
121 silly ADD node_modules/denque
122 silly ADD node_modules/aws-ssl-profiles
123 silly ADD node_modules/undici-types
124 silly ADD node_modules/@types/node
125 silly ADD node_modules/mysql2
126 silly ADD node_modules/node-red-node-mysql
127 verbose cwd /data
128 verbose os Linux 5.15.0-60-generic
129 verbose node v20.20.0
130 verbose npm  v10.8.2
131 verbose exit 0
132 info ok
